{
    "status": false,
    "code": 400,
    "message": "\u8fd9\u662f\u4e00\u4e2a\u9519\u8bef\u3002",
    "data": {},
    "error": {}
}
