{
    "status": false,
    "code": 400,
    "message": "This is an error.",
    "data": null,
    "error": {}
}
