{
    "status": false,
    "code": 400,
    "message": "This is a runtime exception.",
    "data": {},
    "error": {
        "message": "This is a runtime exception.",
        "exception": "RuntimeException",
        "file": "\/tests\/Feature\/ExceptionTest.php",
        "line": 48,
        "trace": [
            {
                "function": "{closure}",
                "class": "P\\Tests\\Feature\\ExceptionTest",
                "type": "->"
            },
            {
                "file": "\/vendor\/pestphp\/pest\/src\/Factories\/TestCaseFactory.php",
                "line": 151,
                "function": "call_user_func"
            },
            {
                "function": "Pest\\Factories\\{closure}",
                "class": "P\\Tests\\Feature\\ExceptionTest",
                "type": "->"
            },
            {
                "file": "\/vendor\/pestphp\/pest\/src\/Concerns\/Testable.php",
                "line": 301,
                "function": "call_user_func_array"
            },
            {
                "file": "\/vendor\/pestphp\/pest\/src\/Support\/ExceptionTrace.php",
                "line": 29,
                "function": "Pest\\Concerns\\{closure}",
                "class": "P\\Tests\\Feature\\ExceptionTest",
                "type": "->"
            },
            {
                "file": "\/vendor\/pestphp\/pest\/src\/Concerns\/Testable.php",
                "line": 302,
                "function": "ensure",
                "class": "Pest\\Support\\ExceptionTrace",
                "type": "::"
            },
            {
                "file": "\/vendor\/pestphp\/pest\/src\/Concerns\/Testable.php",
                "line": 278,
                "function": "__callClosure",
                "class": "P\\Tests\\Feature\\ExceptionTest",
                "type": "->"
            },
            {
                "file": "\/vendor\/phpunit\/phpunit\/src\/Framework\/TestCase.php",
                "line": 1617,
                "function": "__test",
                "class": "P\\Tests\\Feature\\ExceptionTest",
                "type": "->"
            },
            {
                "file": "\/vendor\/phpunit\/phpunit\/src\/Framework\/TestCase.php",
                "line": 1223,
                "function": "runTest",
                "class": "PHPUnit\\Framework\\TestCase",
                "type": "->"
            },
            {
                "file": "\/vendor\/phpunit\/phpunit\/src\/Framework\/TestResult.php",
                "line": 729,
                "function": "runBare",
                "class": "PHPUnit\\Framework\\TestCase",
                "type": "->"
            },
            {
                "file": "\/vendor\/phpunit\/phpunit\/src\/Framework\/TestCase.php",
                "line": 973,
                "function": "run",
                "class": "PHPUnit\\Framework\\TestResult",
                "type": "->"
            },
            {
                "file": "\/vendor\/phpunit\/phpunit\/src\/Framework\/TestSuite.php",
                "line": 685,
                "function": "run",
                "class": "PHPUnit\\Framework\\TestCase",
                "type": "->"
            },
            {
                "file": "\/vendor\/phpunit\/phpunit\/src\/Framework\/TestSuite.php",
                "line": 685,
                "function": "run",
                "class": "PHPUnit\\Framework\\TestSuite",
                "type": "->"
            },
            {
                "file": "\/vendor\/phpunit\/phpunit\/src\/TextUI\/TestRunner.php",
                "line": 651,
                "function": "run",
                "class": "PHPUnit\\Framework\\TestSuite",
                "type": "->"
            },
            {
                "file": "\/vendor\/phpunit\/phpunit\/src\/TextUI\/Command.php",
                "line": 146,
                "function": "run",
                "class": "PHPUnit\\TextUI\\TestRunner",
                "type": "->"
            },
            {
                "file": "\/vendor\/pestphp\/pest\/src\/Console\/Command.php",
                "line": 119,
                "function": "run",
                "class": "PHPUnit\\TextUI\\Command",
                "type": "->"
            },
            {
                "file": "\/vendor\/pestphp\/pest\/bin\/pest",
                "line": 61,
                "function": "run",
                "class": "Pest\\Console\\Command",
                "type": "->"
            },
            {
                "file": "\/vendor\/pestphp\/pest\/bin\/pest",
                "line": 62,
                "function": "{closure}"
            },
            {
                "file": "\/vendor\/bin\/pest",
                "line": 115,
                "function": "include"
            }
        ]
    }
}
