{
    "status": false,
    "code": 401,
    "message": "\u672a\u8ba4\u8bc1\u3002",
    "data": {},
    "error": {
        "message": "\u672a\u8ba4\u8bc1\u3002"
    }
}
