{
    "status": false,
    "code": 404,
    "message": "\u672a\u627e\u5230",
    "data": null,
    "error": {
        "message": "\u672a\u627e\u5230"
    }
}
