{
    "status": false,
    "code": 502,
    "message": "Bad Gateway",
    "data": null,
    "error": {
        "message": "Bad Gateway"
    }
}
