{
    "status": false,
    "code": 422,
    "message": "Foo \u5fc5\u987b\u662f\u6574\u6570\u3002",
    "data": {},
    "error": {
        "foo": [
            "Foo \u5fc5\u987b\u662f\u6574\u6570\u3002"
        ],
        "bar": [
            "Bar \u4e0d\u662f\u4e00\u4e2a\u5408\u6cd5\u7684\u90ae\u7bb1\u3002"
        ],
        "baz": [
            "Baz \u4e0d\u80fd\u4e3a\u7a7a\u3002"
        ]
    }
}
