{
    "status": false,
    "code": 401,
    "message": "Unauthenticated.",
    "data": null,
    "error": {
        "message": "Unauthenticated."
    }
}
