{
    "status": false,
    "code": 404,
    "message": "Not Found",
    "data": null,
    "error": {
        "message": "Not Found"
    }
}
