{
    "status": true,
    "code": 200,
    "message": "OK",
    "data": {
        "id": 1,
        "country_id": 1,
        "posts": [
            {
                "id": 3,
                "user_id": 1,
                "created_at": "2024-01-01 00:00:03",
                "updated_at": null
            },
            {
                "id": 2,
                "user_id": 1,
                "created_at": "2024-01-01 00:00:02",
                "updated_at": null
            },
            {
                "id": 1,
                "user_id": 1,
                "created_at": "2024-01-01 00:00:01",
                "updated_at": null
            }
        ]
    },
    "error": {}
}
