{
    "status": true,
    "code": 200,
    "message": "OK",
    "data": {
        "data": [
            {
                "id": 1,
                "name": "John",
                "country_id": 1,
                "created_at": "2024-01-01 00:00:01",
                "updated_at": "2024-01-01 00:00:01",
                "country": {
                    "id": 1,
                    "name": "China",
                    "created_at": "2024-01-01 00:00:01",
                    "updated_at": "2024-01-01 00:00:01"
                },
                "posts": [
                    {
                        "id": 1,
                        "title": "PHP is the best language!",
                        "user_id": 1,
                        "created_at": "2024-01-01 00:00:01",
                        "updated_at": "2024-01-01 00:00:01"
                    },
                    {
                        "id": 2,
                        "title": "JAVA is the best language!",
                        "user_id": 1,
                        "created_at": "2024-01-01 00:00:02",
                        "updated_at": "2024-01-01 00:00:02"
                    },
                    {
                        "id": 3,
                        "title": "Python is the best language!",
                        "user_id": 1,
                        "created_at": "2024-01-01 00:00:03",
                        "updated_at": "2024-01-01 00:00:03"
                    }
                ]
            },
            {
                "id": 2,
                "name": "Tom",
                "country_id": 2,
                "created_at": "2024-01-01 00:00:02",
                "updated_at": "2024-01-01 00:00:02",
                "country": {
                    "id": 2,
                    "name": "USA",
                    "created_at": "2024-01-01 00:00:02",
                    "updated_at": "2024-01-01 00:00:02"
                },
                "posts": [
                    {
                        "id": 4,
                        "title": "Go is the best language!",
                        "user_id": 2,
                        "created_at": "2024-01-01 00:00:04",
                        "updated_at": "2024-01-01 00:00:04"
                    },
                    {
                        "id": 5,
                        "title": "JavaScript is the best language!",
                        "user_id": 2,
                        "created_at": "2024-01-01 00:00:05",
                        "updated_at": "2024-01-01 00:00:05"
                    },
                    {
                        "id": 6,
                        "title": "Ruby is the best language!",
                        "user_id": 2,
                        "created_at": "2024-01-01 00:00:06",
                        "updated_at": "2024-01-01 00:00:06"
                    }
                ]
            },
            {
                "id": 3,
                "name": "Jerry",
                "country_id": 3,
                "created_at": "2024-01-01 00:00:03",
                "updated_at": "2024-01-01 00:00:03",
                "country": {
                    "id": 3,
                    "name": "Japan",
                    "created_at": "2024-01-01 00:00:03",
                    "updated_at": "2024-01-01 00:00:03"
                },
                "posts": [
                    {
                        "id": 7,
                        "title": "C is the best language!",
                        "user_id": 3,
                        "created_at": "2024-01-01 00:00:07",
                        "updated_at": "2024-01-01 00:00:07"
                    }
                ]
            }
        ],
        "links": {
            "first": "http:\/\/localhost?page=1",
            "last": "http:\/\/localhost?page=3",
            "prev": null,
            "next": "http:\/\/localhost?page=2"
        },
        "meta": {
            "current_page": 1,
            "from": 1,
            "last_page": 3,
            "links": [
                {
                    "url": null,
                    "label": "pagination.previous",
                    "active": false
                },
                {
                    "url": "http:\/\/localhost?page=1",
                    "label": "1",
                    "active": true
                },
                {
                    "url": "http:\/\/localhost?page=2",
                    "label": "2",
                    "active": false
                },
                {
                    "url": "http:\/\/localhost?page=3",
                    "label": "3",
                    "active": false
                },
                {
                    "url": "http:\/\/localhost?page=2",
                    "label": "pagination.next",
                    "active": false
                }
            ],
            "path": "http:\/\/localhost",
            "per_page": 3,
            "to": 3,
            "total": 7
        }
    },
    "error": {}
}
