{
    "status": true,
    "code": 200,
    "message": "OK",
    "data": {
        "data": [
            {
                "id": 1,
                "country_id": 1,
                "post": {
                    "id": 3,
                    "user_id": 1,
                    "created_at": "2024-01-01 00:00:03",
                    "updated_at": null
                },
                "posts": [
                    {
                        "id": 3,
                        "user_id": 1,
                        "created_at": "2024-01-01 00:00:03",
                        "updated_at": null
                    },
                    {
                        "id": 2,
                        "user_id": 1,
                        "created_at": "2024-01-01 00:00:02",
                        "updated_at": null
                    },
                    {
                        "id": 1,
                        "user_id": 1,
                        "created_at": "2024-01-01 00:00:01",
                        "updated_at": null
                    }
                ],
                "roles": [
                    {
                        "id": 3,
                        "created_at": "2024-01-01 00:00:03",
                        "updated_at": null,
                        "pivot": {
                            "user_id": "1",
                            "role_id": "3"
                        }
                    },
                    {
                        "id": 2,
                        "created_at": "2024-01-01 00:00:02",
                        "updated_at": null,
                        "pivot": {
                            "user_id": "1",
                            "role_id": "2"
                        }
                    },
                    {
                        "id": 1,
                        "created_at": "2024-01-01 00:00:01",
                        "updated_at": null,
                        "pivot": {
                            "user_id": "1",
                            "role_id": "1"
                        }
                    }
                ]
            },
            {
                "id": 2,
                "country_id": 2,
                "post": {
                    "id": 6,
                    "user_id": 2,
                    "created_at": "2024-01-01 00:00:06",
                    "updated_at": null
                },
                "posts": [
                    {
                        "id": 6,
                        "user_id": 2,
                        "created_at": "2024-01-01 00:00:06",
                        "updated_at": null
                    },
                    {
                        "id": 5,
                        "user_id": 2,
                        "created_at": "2024-01-01 00:00:05",
                        "updated_at": null
                    },
                    {
                        "id": 4,
                        "user_id": 2,
                        "created_at": "2024-01-01 00:00:04",
                        "updated_at": null
                    }
                ],
                "roles": [
                    {
                        "id": 6,
                        "created_at": "2024-01-01 00:00:06",
                        "updated_at": null,
                        "pivot": {
                            "user_id": "2",
                            "role_id": "6"
                        }
                    },
                    {
                        "id": 5,
                        "created_at": "2024-01-01 00:00:05",
                        "updated_at": null,
                        "pivot": {
                            "user_id": "2",
                            "role_id": "5"
                        }
                    },
                    {
                        "id": 4,
                        "created_at": "2024-01-01 00:00:04",
                        "updated_at": null,
                        "pivot": {
                            "user_id": "2",
                            "role_id": "4"
                        }
                    }
                ]
            },
            {
                "id": 3,
                "country_id": 3,
                "post": {
                    "id": 7,
                    "user_id": 3,
                    "created_at": "2024-01-01 00:00:07",
                    "updated_at": null
                },
                "posts": [
                    {
                        "id": 7,
                        "user_id": 3,
                        "created_at": "2024-01-01 00:00:07",
                        "updated_at": null
                    }
                ],
                "roles": [
                    {
                        "id": 7,
                        "created_at": "2024-01-01 00:00:07",
                        "updated_at": null,
                        "pivot": {
                            "user_id": "3",
                            "role_id": "7"
                        }
                    }
                ]
            },
            {
                "id": 4,
                "country_id": 4,
                "post": null,
                "posts": [],
                "roles": []
            },
            {
                "id": 5,
                "country_id": 5,
                "post": null,
                "posts": [],
                "roles": []
            },
            {
                "id": 6,
                "country_id": 6,
                "post": null,
                "posts": [],
                "roles": []
            },
            {
                "id": 7,
                "country_id": 7,
                "post": null,
                "posts": [],
                "roles": []
            }
        ]
    },
    "error": {}
}
