{
    "status": true,
    "code": 200,
    "message": "OK",
    "data": {
        "name": "guanguans\/laravel-api-response",
        "license": "MIT",
        "type": "library"
    },
    "error": {}
}
