{
    "status": true,
    "code": 200,
    "message": "OK",
    "data": null,
    "error": {}
}
