{
    "status": true,
    "code": 200,
    "message": "OK",
    "data": {
        "data": "Guanguans\\LaravelApiResponse\\Support\\Utils::statusCodeFor"
    },
    "error": {}
}
