{
    "status": true,
    "code": 200,
    "message": "OK",
    "data": {
        "data": 1
    },
    "error": {}
}
