{
    "status": true,
    "code": 200,
    "message": "OK",
    "data": "NativeDataTest::generalMethod",
    "error": {}
}
