{
    "status": true,
    "code": 200,
    "message": "OK",
    "data": {
        "0": "iterable"
    },
    "error": {}
}
