{
    "status": true,
    "code": 200,
    "message": "OK",
    "data": "\\make",
    "error": {}
}
