{
    "status": true,
    "code": 200,
    "message": "OK",
    "data": {
        "object": "object"
    },
    "error": {}
}
