{
    "status": true,
    "code": 200,
    "message": "OK",
    "data": {
        "name": "guanguans\/laravel-api-response",
        "license": "MIT",
        "type": "library",
        "authors": [
            {
                "name": "guanguans",
                "email": "ityaozm@gmail.com",
                "homepage": "https:\/\/www.guanguans.cn",
                "role": "developer"
            }
        ],
        "homepage": "https:\/\/github.com\/guanguans\/laravel-api-response",
        "support": {
            "issues": "https:\/\/github.com\/guanguans\/laravel-api-response\/issues",
            "source": "https:\/\/github.com\/guanguans\/laravel-api-response"
        }
    },
    "error": {}
}
