{
    "status": true,
    "code": 200,
    "message": "\u8bf7\u6c42\u6210\u529f",
    "data": null,
    "error": {}
}
