{
    "status": true,
    "code": 200,
    "message": "OK",
    "data": [
        "array"
    ],
    "error": {}
}
