{
    "status": true,
    "code": 200,
    "message": "OK",
    "data": "NativeDataTest::__invoke",
    "error": {}
}
