{
    "status": true,
    "code": 200,
    "message": "OK",
    "data": [
        "foo",
        "bar",
        "baz"
    ],
    "error": {}
}
