{
    "status": true,
    "code": 200,
    "message": "OK",
    "data": {
        "foo": "foo",
        "bar": "bar",
        "baz": "baz"
    },
    "error": {}
}
