{
    "status": true,
    "code": 200,
    "message": "OK",
    "data": {
        "headers": {}
    },
    "error": {}
}
